2024-10-01 15:45:17,400 - INFO - image parsing unsuccessful due to 'NoneType' object has no attribute 'get'
2024-10-01 15:46:07,812 - INFO - image parsing unsuccessful due to 'NoneType' object has no attribute 'get'
2024-10-01 15:46:53,623 - INFO - image parsing unsuccessful due to 'NoneType' object has no attribute 'get'
2024-10-02 10:14:38,713 - INFO - image parsing unsuccessful due to name 'img' is not defined
2024-10-02 11:01:31,478 - INFO - title parsing unsuccessful due to 'NoneType' object has no attribute 'text'
2024-10-02 11:05:44,500 - INFO - title parsing unsuccessful due to 'NoneType' object has no attribute 'text'
2024-10-02 16:12:49,145 - INFO - image parsing unsuccessful due to unhashable type: 'dict'
2024-10-02 16:28:02,442 - INFO - image parsing unsuccessful due to unhashable type: 'dict'
2025-03-31 17:07:27,851 - INFO - author parsing unsuccessful due to 'NoneType' object has no attribute 'find'
2025-04-01 12:53:50,593 - INFO - author parsing unsuccessful due to 'NoneType' object has no attribute 'find'
2025-04-01 12:55:08,876 - INFO - author parsing unsuccessful due to 'NoneType' object has no attribute 'find'
2025-04-01 12:55:49,981 - INFO - author parsing unsuccessful due to 'NoneType' object has no attribute 'find'
2025-04-01 15:56:05,126 - INFO - image parsing unsuccessful due to name 'imgs' is not defined
2025-04-01 15:56:05,128 - INFO - author parsing unsuccessful due to 'NoneType' object has no attribute 'find'
2025-04-01 15:56:31,759 - INFO - author parsing unsuccessful due to 'NoneType' object has no attribute 'find'
2025-04-01 16:04:04,111 - INFO - author parsing unsuccessful due to 'NoneType' object has no attribute 'find'
2025-04-03 08:30:45,352 - INFO - author parsing unsuccessful due to 'NoneType' object has no attribute 'find'
2025-04-03 11:15:06,080 - INFO - image parsing unsuccessful due to name 'extract_largest_image_src' is not defined
2025-04-03 11:16:22,712 - INFO - image parsing unsuccessful due to name 'extract_largest_image_src' is not defined
2025-04-03 11:17:05,023 - INFO - image parsing unsuccessful due to name 'extract_largest_image_src' is not defined
2025-04-03 11:18:56,103 - INFO - image parsing unsuccessful due to name 'extract_largest_image_src' is not defined
2025-04-03 11:19:18,471 - INFO - image parsing unsuccessful due to name 'extract_largest_image_src' is not defined
2025-04-03 11:20:41,664 - INFO - image parsing unsuccessful due to name 'soup' is not defined
2025-04-03 11:23:39,565 - INFO - image parsing unsuccessful due to name 'figure_tage' is not defined
2025-04-03 11:23:53,443 - INFO - image parsing unsuccessful due to name 're' is not defined
2025-04-03 11:24:26,977 - INFO - image parsing unsuccessful due to name 're' is not defined
2025-04-03 11:24:44,054 - INFO - image parsing unsuccessful due to name 're' is not defined
2025-04-03 11:25:13,450 - INFO - image parsing unsuccessful due to 'tuple' object has no attribute 'get'
2025-04-03 11:26:17,185 - INFO - image parsing unsuccessful due to 'tuple' object has no attribute 'get'
2025-04-03 11:26:37,550 - INFO - image parsing unsuccessful due to 'tuple' object has no attribute 'get'
2025-04-03 11:27:24,979 - INFO - image parsing unsuccessful due to 'tuple' object has no attribute 'get'
2025-04-03 11:36:45,289 - INFO - image parsing unsuccessful due to 0
2025-04-03 11:38:00,959 - INFO - image parsing unsuccessful due to name 'image' is not defined
2025-04-03 11:51:21,787 - INFO - image parsing unsuccessful due to name 'match' is not defined
2025-04-03 11:51:49,558 - INFO - image parsing unsuccessful due to name 'match' is not defined
2025-04-03 11:52:06,770 - INFO - image parsing unsuccessful due to name 'match' is not defined
2025-04-03 11:52:32,137 - INFO - image parsing unsuccessful due to name 'url' is not defined
2025-04-03 12:09:48,859 - INFO - image parsing unsuccessful due to name 'result' is not defined
2025-04-03 12:10:27,333 - INFO - image parsing unsuccessful due to cannot access local variable 'sorted_source_dicts' where it is not associated with a value
2025-04-03 12:10:54,578 - INFO - image parsing unsuccessful due to bad operand type for unary -: 'str'
2025-04-03 12:11:32,088 - INFO - image parsing unsuccessful due to bad operand type for unary -: 'str'
2025-04-03 12:22:53,603 - INFO - image parsing unsuccessful due to name 'url' is not defined
2025-04-03 12:23:17,459 - INFO - image parsing unsuccessful due to bad operand type for unary -: 'str'
2025-04-03 12:23:46,553 - INFO - image parsing unsuccessful due to name 'parse_qs' is not defined
2025-04-03 13:07:37,410 - INFO - image parsing unsuccessful due to name 'parse_qs' is not defined
2025-04-03 13:08:59,413 - INFO - image parsing unsuccessful due to name 'parse_qs' is not defined
2025-04-03 14:55:59,382 - INFO - image parsing unsuccessful due to name 'get_biggest_src_fromimg' is not defined
2025-04-03 14:55:59,384 - INFO - author parsing unsuccessful due to 'NoneType' object has no attribute 'find'
2025-04-03 14:57:14,135 - INFO - image parsing unsuccessful due to name 'get_biggest_src_fromimg' is not defined
2025-04-03 14:57:14,136 - INFO - author parsing unsuccessful due to 'NoneType' object has no attribute 'find'
2025-04-03 14:59:03,490 - INFO - image parsing unsuccessful due to name 'caption' is not defined
2025-04-03 14:59:03,492 - INFO - author parsing unsuccessful due to 'NoneType' object has no attribute 'find'
2025-04-03 15:01:51,119 - INFO - image parsing unsuccessful due to name 'image_src_large' is not defined
2025-04-03 15:01:51,120 - INFO - author parsing unsuccessful due to 'NoneType' object has no attribute 'find'
2025-04-03 15:02:28,725 - INFO - image parsing unsuccessful due to name 'logging' is not defined
2025-04-03 15:02:28,726 - INFO - author parsing unsuccessful due to 'NoneType' object has no attribute 'find'
2025-04-03 15:03:57,761 - INFO - Invalid image tag or no srcset attribute found.
2025-04-03 15:03:57,763 - INFO - author parsing unsuccessful due to 'NoneType' object has no attribute 'find'
2025-04-03 15:17:13,048 - INFO - image parsing unsuccessful due to name 'img' is not defined
2025-04-03 15:18:36,737 - INFO - image parsing unsuccessful due to name 'image' is not defined
2025-04-03 15:32:14,607 - INFO - image parsing unsuccessful due to name 'fig' is not defined
2025-04-03 15:32:54,592 - INFO - image parsing unsuccessful due to name 'figure' is not defined
2025-04-03 16:56:01,166 - INFO - image parsing unsuccessful due to name 'image' is not defined
2025-04-04 09:57:43,339 - INFO - author parsing unsuccessful due to 'NoneType' object has no attribute 'find'
2025-04-04 09:58:42,807 - INFO - author parsing unsuccessful due to 'NoneType' object has no attribute 'find'
2025-04-04 10:11:48,599 - INFO - image parsing unsuccessful due to 'NoneType' object has no attribute 'get'
2025-04-10 08:52:32,957 - INFO - image parsing unsuccessful due to name 'get_biggest_src_fromimg' is not defined
2025-04-10 08:53:19,204 - INFO - image parsing unsuccessful due to name 'img' is not defined
2025-04-10 08:54:15,444 - INFO - image parsing unsuccessful due to name 'image' is not defined
2025-04-10 08:54:36,296 - INFO - image parsing unsuccessful due to name 'image' is not defined
